// Jest Snapshot v1, https://goo.gl/fbAQLP

exports[`AvatarWithName Renders as expected 1`] = `
<div>
  <div
    class="sc-gsDKAQ mtNEY w-full relative mb-4"
  >
    <img
      alt="DavidCamacho Cateura"
      class="absolute top-0 left-0 bottom-0 right-0 rounded-full"
    />
  </div>
  <h3
    class="MuiTypography-root sc-bdvvtL iytgcZ MuiTypography-h3 MuiTypography-alignCenter"
  >
    David
     
    Camacho Cateura
  </h3>
</div>
`;
