// Jest Snapshot v1, https://goo.gl/fbAQLP

exports[`Paragraph Renders as expected and has no accessibility violations 1`] = `
<div>
  <p
    class="MuiTypography-root sc-bdvvtL gedMyf MuiTypography-body1 MuiTypography-alignJustify"
  >
    Bu
  </p>
</div>
`;
