// Jest Snapshot v1, https://goo.gl/fbAQLP

exports[`LoadingButton Snapshot 1`] = `
<div>
  <div
    class="MuiBox-root MuiBox-root-1"
  >
    <button
      class="MuiButtonBase-root MuiButton-root MuiButton-text MuiButton-textSecondary"
      tabindex="0"
      type="button"
    >
      <span
        class="MuiButton-label"
      >
        Loading button
      </span>
      <span
        class="MuiTouchRipple-root"
      />
    </button>
  </div>
</div>
`;
