// Jest Snapshot v1, https://goo.gl/fbAQLP

exports[`ListMenuElements Renders as expected in desktop 1`] = `
<div>
  <div
    class="undefined flex-row flex gap-28"
  >
    <p
      class="MuiTypography-root MuiTypography-body2"
    >
      <a
        class="MuiTypography-root MuiLink-root MuiLink-underlineHover sc-bdvvtL clPpEY cursor-pointer font-regular uppercase MuiTypography-colorTextSecondary"
        href="#"
      >
        Home
      </a>
    </p>
  </div>
</div>
`;

exports[`ListMenuElements Renders as expected in mobile 1`] = `<div />`;
