// Jest Snapshot v1, https://goo.gl/fbAQLP

exports[`AvatarName Renders as expected and has no accessibility violations 1`] = `
<div>
  <h3
    class="MuiTypography-root sc-bdvvtL gjaeEB MuiTypography-h3 MuiTypography-alignCenter"
  >
    Marco
     
    Polo
  </h3>
</div>
`;
